
> agent-kernel@1.0.0 test /Users/darren/Documents/GitHub/agent-kernel
> node --test "tests/**/*.test.js"

TAP version 13
# Subtest: cli adapters use deterministic fixtures
ok 1 - cli adapters use deterministic fixtures
  ---
  duration_ms: 195.220125
  ...
# Subtest: cli ipfs adapter handles URL build and errors
ok 2 - cli ipfs adapter handles URL build and errors
  ---
  duration_ms: 219.87775
  ...
# Subtest: cli blockchain adapter handles errors
ok 3 - cli blockchain adapter handles errors
  ---
  duration_ms: 170.762666
  ...
# Subtest: cli llm adapter handles errors
ok 4 - cli llm adapter handles errors
  ---
  duration_ms: 165.754917
  ...
# Subtest: cli solver adapter errors without solver
ok 5 - cli solver adapter errors without solver
  ---
  duration_ms: 169.816209
  ...
# Subtest: cli run emits deterministic actor configs and action logs
ok 6 - cli run emits deterministic actor configs and action logs
  ---
  duration_ms: 236.02925
  ...
# Subtest: cli run normalizes action logs without fixture input
ok 7 - cli run normalizes action logs without fixture input
  ---
  duration_ms: 234.130875
  ...
# Subtest: cli run applies actor/vital/tile overrides and emits resolved artifacts
ok 8 - cli run applies actor/vital/tile overrides and emits resolved artifacts
  ---
  duration_ms: 106.772292
  ...
# Subtest: cli ipfs command writes fetched JSON
ok 9 - cli ipfs command writes fetched JSON
  ---
  duration_ms: 94.959959
  ...
# Subtest: cli ipfs-load command writes canonical artifact files from fixture map
ok 10 - cli ipfs-load command writes canonical artifact files from fixture map
  ---
  duration_ms: 104.864958
  ...
# Subtest: cli ipfs-publish command writes publish summary from canonical artifact map
ok 11 - cli ipfs-publish command writes publish summary from canonical artifact map
  ---
  duration_ms: 90.891916
  ...
# Subtest: cli blockchain command writes chainId and balance
ok 12 - cli blockchain command writes chainId and balance
  ---
  duration_ms: 93.500583
  ...
# Subtest: cli blockchain-mint command writes minted token metadata
ok 13 - cli blockchain-mint command writes minted token metadata
  ---
  duration_ms: 96.735083
  ...
# Subtest: cli blockchain-load command writes minted card payload
ok 14 - cli blockchain-load command writes minted card payload
  ---
  duration_ms: 85.204625
  ...
# Subtest: cli llm command writes response JSON
ok 15 - cli llm command writes response JSON
  ---
  duration_ms: 89.114584
  ...
# Subtest: cli llm command defaults model to phi4 when omitted
ok 16 - cli llm command defaults model to phi4 when omitted
  ---
  duration_ms: 100.740375
  ...
# Subtest: cli run writes affinity summary
ok 17 - cli run writes affinity summary
  ---
  duration_ms: 109.37375
  ...
# Subtest: cli run rejects affinity summary without presets or loadouts
ok 18 - cli run rejects affinity summary without presets or loadouts
  ---
  duration_ms: 88.334666
  ...
# Subtest: cli budget prints and writes budget artifacts
ok 19 - cli budget prints and writes budget artifacts
  ---
  duration_ms: 98.879584
  ...
# Subtest: cli build outputs deterministic manifest/bundle/telemetry
ok 20 - cli build outputs deterministic manifest/bundle/telemetry
  ---
  duration_ms: 218.122
  ...
# Subtest: cli build accepts --spec and writes mapped artifacts
ok 21 - cli build accepts --spec and writes mapped artifacts
  ---
  duration_ms: 103.098083
  ...
# Subtest: cli build rejects unknown flags
ok 22 - cli build rejects unknown flags
  ---
  duration_ms: 99.204792
  ...
# Subtest: cli build runs configurator inputs without executing core
ok 23 - cli build runs configurator inputs without executing core
  ---
  duration_ms: 148.305459
  ...
# Subtest: cli build writes a sorted manifest for emitted artifacts
ok 24 - cli build writes a sorted manifest for emitted artifacts
  ---
  duration_ms: 148.913917
  ...
# Subtest: cli build writes bundle.json with inlined artifacts
ok 25 - cli build writes bundle.json with inlined artifacts
  ---
  duration_ms: 137.58725
  ...
# Subtest: cli build writes telemetry on success
ok 26 - cli build writes telemetry on success
  ---
  duration_ms: 153.373458
  ...
# Subtest: cli build writes telemetry on failure
ok 27 - cli build writes telemetry on failure
  ---
  duration_ms: 94.242917
  ...
# Subtest: cli build runs solver with fixture hints
ok 28 - cli build runs solver with fixture hints
  ---
  duration_ms: 119.019792
  ...
# Subtest: cli build writes inline budget artifacts when refs are absent
ok 29 - cli build writes inline budget artifacts when refs are absent
  ---
  duration_ms: 107.636042
  ...
# Subtest: cli build captures adapter outputs as captured input artifacts
ok 30 - cli build captures adapter outputs as captured input artifacts
  ---
  duration_ms: 122.442292
  ...
# Subtest: cli build allows local llm baseUrl without AK_ALLOW_NETWORK
ok 31 - cli build allows local llm baseUrl without AK_ALLOW_NETWORK
  ---
  duration_ms: 100.700375
  ...
# Subtest: cli build blocks non-local llm baseUrl without AK_ALLOW_NETWORK
ok 32 - cli build blocks non-local llm baseUrl without AK_ALLOW_NETWORK
  ---
  duration_ms: 95.556708
  ...
# Subtest: cli build defaults to artifacts/runs/<runId>/build under cwd
ok 33 - cli build defaults to artifacts/runs/<runId>/build under cwd
  ---
  duration_ms: 120.74325
  ...
# Subtest: cli configurator builds sim config and initial state artifacts
ok 34 - cli configurator builds sim config and initial state artifacts
  ---
  duration_ms: 110.808167
  ...
# Subtest: cli configurator emits a budget receipt from budget inputs
ok 35 - cli configurator emits a budget receipt from budget inputs
  ---
  duration_ms: 105.809083
  ...
# Subtest: cli configurator rejects invalid level-gen input
ok 36 - cli configurator rejects invalid level-gen input
  ---
  duration_ms: 94.7985
  ...
# Subtest: cli delver-plan authors delver cards directly from delver flags
ok 37 - cli delver-plan authors delver cards directly from delver flags
  ---
  duration_ms: 133.284
  ...
# Subtest: cli delver-plan applies default delver motivation and affinity fallback
ok 38 - cli delver-plan applies default delver motivation and affinity fallback
  ---
  duration_ms: 125.070916
  ...
# Subtest: cli delver-plan supports multiple delver configurations in one command
ok 39 - cli delver-plan supports multiple delver configurations in one command
  ---
  duration_ms: 126.983667
  ...
# Subtest: cli delver-plan supports advanced affinities, vitals, setup mode, and receipt accounting
ok 40 - cli delver-plan supports advanced affinities, vitals, setup mode, and receipt accounting
  ---
  duration_ms: 128.9565
  ...
# Subtest: cli delver-plan rejects invalid motivation
ok 41 - cli delver-plan rejects invalid motivation
  ---
  duration_ms: 95.336209
  ...
# Subtest: cli delver-plan rejects duplicate motivation declarations
ok 42 - cli delver-plan rejects duplicate motivation declarations
  ---
  duration_ms: 100.0275
  ...
# Subtest: cli delver-plan rejects invalid setup mode
ok 43 - cli delver-plan rejects invalid setup mode
  ---
  duration_ms: 83.966708
  ...
# Subtest: cli delver-plan rejects invalid vital tuple
ok 44 - cli delver-plan rejects invalid vital tuple
  ---
  duration_ms: 88.77725
  ...
# Subtest: cli delver-plan requires --budget and --price-list together
ok 45 - cli delver-plan requires --budget and --price-list together
  ---
  duration_ms: 95.683167
  ...
# Subtest: cli solve rejects missing scenario
ok 46 - cli solve rejects missing scenario
  ---
  duration_ms: 93.49175
  ...
# Subtest: cli run rejects missing args
ok 47 - cli run rejects missing args
  ---
  duration_ms: 84.656959
  ...
# Subtest: cli replay rejects missing tick frames
ok 48 - cli replay rejects missing tick frames
  ---
  duration_ms: 91.536709
  ...
# Subtest: cli ipfs rejects missing cid
ok 49 - cli ipfs rejects missing cid
  ---
  duration_ms: 92.955875
  ...
# Subtest: cli blockchain rejects missing rpc-url
ok 50 - cli blockchain rejects missing rpc-url
  ---
  duration_ms: 99.597542
  ...
# Subtest: cli blockchain-mint rejects missing rpc-url
ok 51 - cli blockchain-mint rejects missing rpc-url
  ---
  duration_ms: 86.920208
  ...
# Subtest: cli blockchain-mint rejects missing card
ok 52 - cli blockchain-mint rejects missing card
  ---
  duration_ms: 84.952583
  ...
# Subtest: cli blockchain-load rejects missing token-id
ok 53 - cli blockchain-load rejects missing token-id
  ---
  duration_ms: 88.762041
  ...
# Subtest: cli llm rejects missing args
ok 54 - cli llm rejects missing args
  ---
  duration_ms: 94.9635
  ...
# Subtest: cli run rejects schema mismatch
ok 55 - cli run rejects schema mismatch
  ---
  duration_ms: 104.291667
  ...
# Subtest: cli run rejects initial state schema mismatch
ok 56 - cli run rejects initial state schema mismatch
  ---
  duration_ms: 109.529875
  ...
# Subtest: cli run rejects sim config missing schemaVersion
ok 57 - cli run rejects sim config missing schemaVersion
  ---
  duration_ms: 93.495333
  ...
# Subtest: cli run rejects initial state schema kind mismatch
ok 58 - cli run rejects initial state schema kind mismatch
  ---
  duration_ms: 86.770083
  ...
# Subtest: cli run rejects out-of-bounds tile overrides
ok 59 - cli run rejects out-of-bounds tile overrides
  ---
  duration_ms: 102.901
  ...
# Subtest: cli run rejects malformed vital specs
ok 60 - cli run rejects malformed vital specs
  ---
  duration_ms: 101.47625
  ...
# Subtest: cli run rejects invalid actor kind
ok 61 - cli run rejects invalid actor kind
  ---
  duration_ms: 102.231917
  ...
# Subtest: cli solve rejects plan schema mismatch
ok 62 - cli solve rejects plan schema mismatch
  ---
  duration_ms: 99.46325
  ...
# Subtest: cli solve produces stable solver request fields
ok 63 - cli solve produces stable solver request fields
  ---
  duration_ms: 93.533041
  ...
# Subtest: cli run outputs deterministic frames for fixed inputs
ok 64 - cli run outputs deterministic frames for fixed inputs
  ---
  duration_ms: 206.985667
  ...
# Subtest: cli replay and inspect produce stable schemas
ok 65 - cli replay and inspect produce stable schemas
  ---
  duration_ms: 329.426375
  ...
# Subtest: cli llm-plan writes build outputs with captured input artifact
ok 66 - cli llm-plan writes build outputs with captured input artifact
  ---
  duration_ms: 163.9325
  ...
# Subtest: cli llm-plan budget loop writes multiple captures
not ok 67 - cli llm-plan budget loop writes multiple captures
  ---
  duration_ms: 149.6795
  location: '/Users/darren/Documents/GitHub/agent-kernel/tests/adapters-cli/ak-llm-plan.test.js:79:1'
  failureType: 'testCodeFailure'
  error: |-
    Expected values to be strictly equal:
    
    440 !== 320
    
  code: 'ERR_ASSERTION'
  name: 'AssertionError'
  expected: 320
  actual: 440
  operator: 'strictEqual'
  stack: |-
    TestContext.<anonymous> (/Users/darren/Documents/GitHub/agent-kernel/tests/adapters-cli/ak-llm-plan.test.js:135:10)
    Test.runInAsyncScope (node:async_hooks:211:14)
    Test.run (node:internal/test_runner/test:934:25)
    Test.processPendingSubtests (node:internal/test_runner/test:633:18)
    Test.postRun (node:internal/test_runner/test:1045:19)
    Test.run (node:internal/test_runner/test:973:12)
    async startSubtestAfterBootstrap (node:internal/test_runner/harness:296:3)
  ...
# Subtest: cli llm-plan budget loop writes feasibility warnings into telemetry
ok 68 - cli llm-plan budget loop writes feasibility warnings into telemetry
  ---
  duration_ms: 158.180334
  ...
# Subtest: cli llm-plan budget loop honors custom budget pools
ok 69 - cli llm-plan budget loop honors custom budget pools
  ---
  duration_ms: 153.114417
  ...
# Subtest: cli llm-plan budget loop requires budget tokens
ok 70 - cli llm-plan budget loop requires budget tokens
  ---
  duration_ms: 100.223708
  ...
# Subtest: cli llm-plan requires budget tokens in single-pass mode
ok 71 - cli llm-plan requires budget tokens in single-pass mode
  ---
  duration_ms: 96.679333
  ...
# Subtest: cli llm-plan strict mode fails but writes capture with errors
ok 72 - cli llm-plan strict mode fails but writes capture with errors
  ---
  duration_ms: 117.412792
  ...
# Subtest: cli llm-plan resilient mode sanitizes invalid affinities
ok 73 - cli llm-plan resilient mode sanitizes invalid affinities
  ---
  duration_ms: 177.439709
  ...
# Subtest: cli llm-plan supports prompt-only mode with catalog
ok 74 - cli llm-plan supports prompt-only mode with catalog
  ---
  duration_ms: 168.09775
  ...
# Subtest: cli llm-plan falls back to scenario summary when AK_LLM_LIVE is off
ok 75 - cli llm-plan falls back to scenario summary when AK_LLM_LIVE is off
  ---
  duration_ms: 143.260542
  ...
# Subtest: cli llm-plan rejects summaries that do not match catalog entries
ok 76 - cli llm-plan rejects summaries that do not match catalog entries
  ---
  duration_ms: 105.570584
  ...
# Subtest: cli room-plan authors room cards directly from room flags
ok 77 - cli room-plan authors room cards directly from room flags
  ---
  duration_ms: 135.385584
  ...
# Subtest: cli room-plan applies default room affinity and stacks when omitted
ok 78 - cli room-plan applies default room affinity and stacks when omitted
  ---
  duration_ms: 136.329958
  ...
# Subtest: cli room-plan supports multiple room configurations in one command
ok 79 - cli room-plan supports multiple room configurations in one command
  ---
  duration_ms: 134.883583
  ...
# Subtest: cli room-plan writes budget receipt with room layout and room-affinity spend
ok 80 - cli room-plan writes budget receipt with room layout and room-affinity spend
  ---
  duration_ms: 153.164833
  ...
# Subtest: cli room-plan rejects invalid room size
ok 81 - cli room-plan rejects invalid room size
  ---
  duration_ms: 104.9905
  ...
# Subtest: cli room-plan rejects invalid affinity expression
ok 82 - cli room-plan rejects invalid affinity expression
  ---
  duration_ms: 85.150125
  ...
# Subtest: cli room-plan requires --budget and --price-list together
ok 83 - cli room-plan requires --budget and --price-list together
  ---
  duration_ms: 83.026833
  ...
# Subtest: cli schemas prints catalog to stdout
ok 84 - cli schemas prints catalog to stdout
  ---
  duration_ms: 111.6115
  ...
# Subtest: cli schemas writes schemas.json when --out-dir is provided
ok 85 - cli schemas writes schemas.json when --out-dir is provided
  ---
  duration_ms: 96.986625
  ...
# Subtest: cli warden-plan authors warden cards directly from warden flags
ok 86 - cli warden-plan authors warden cards directly from warden flags
  ---
  duration_ms: 131.572792
  ...
# Subtest: cli warden-plan applies default warden motivation and affinity fallback
ok 87 - cli warden-plan applies default warden motivation and affinity fallback
  ---
  duration_ms: 146.230708
  ...
# Subtest: cli warden-plan supports multiple warden configurations in one command
ok 88 - cli warden-plan supports multiple warden configurations in one command
  ---
  duration_ms: 153.467792
  ...
# Subtest: cli warden-plan supports advanced affinities, vitals, and receipt accounting
ok 89 - cli warden-plan supports advanced affinities, vitals, and receipt accounting
  ---
  duration_ms: 136.4995
  ...
# Subtest: cli warden-plan rejects invalid motivation
ok 90 - cli warden-plan rejects invalid motivation
  ---
  duration_ms: 102.726833
  ...
# Subtest: cli warden-plan rejects duplicate motivation declarations
ok 91 - cli warden-plan rejects duplicate motivation declarations
  ---
  duration_ms: 94.548542
  ...
# Subtest: cli warden-plan rejects invalid vital tuple
ok 92 - cli warden-plan rejects invalid vital tuple
  ---
  duration_ms: 87.208333
  ...
# Subtest: cli warden-plan requires --budget and --price-list together
ok 93 - cli warden-plan requires --budget and --price-list together
  ---
  duration_ms: 89.355083
  ...
# Subtest: cli solve writes solver artifacts
ok 94 - cli solve writes solver artifacts
  ---
  duration_ms: 99.285209
  ...
# Subtest: cli run writes tick frames and logs
ok 95 - cli run writes tick frames and logs
  ---
  duration_ms: 107.864333
  ...
# Subtest: cli replay writes replay summary
ok 96 - cli replay writes replay summary
  ---
  duration_ms: 211.03625
  ...
# Subtest: cli inspect writes summary
ok 97 - cli inspect writes summary
  ---
  duration_ms: 207.235541
  ...
# Subtest: map build spec to intent + plan artifacts
ok 98 - map build spec to intent + plan artifacts
  ---
  duration_ms: 10.982209
  ...
# Subtest: map build spec budget keeps refs and inline artifacts
ok 99 - map build spec budget keeps refs and inline artifacts
  ---
  duration_ms: 0.559916
  ...
# Subtest: demo script produces fixture-backed artifacts
ok 100 - demo script produces fixture-backed artifacts
  ---
  duration_ms: 737.744167
  ...
# Subtest: adapters-cli entrypoints exist
ok 101 - adapters-cli entrypoints exist
  ---
  duration_ms: 0.461417
  ...
# Subtest: cli solve supports solver fixture
ok 102 - cli solve supports solver fixture
  ---
  duration_ms: 275.481625
  ...
# Subtest: dispatchEffect consumes adapter fixtures for log/telemetry/solver_request
ok 103 - dispatchEffect consumes adapter fixtures for log/telemetry/solver_request
  ---
  duration_ms: 176.560083
  ...
# Subtest: ipfs test adapter fixtures
ok 104 - ipfs test adapter fixtures
  ---
  duration_ms: 162.915917
  ...
# Subtest: blockchain test adapter fixtures
ok 105 - blockchain test adapter fixtures
  ---
  duration_ms: 206.47225
  ...
# Subtest: llm test adapter fixtures
ok 106 - llm test adapter fixtures
  ---
  duration_ms: 190.805916
  ...
# Subtest: adapters-test entrypoints exist
ok 107 - adapters-test entrypoints exist
  ---
  duration_ms: 0.435833
  ...
# Subtest: test solver adapter looks up fixtures and defers missing
ok 108 - test solver adapter looks up fixtures and defers missing
  ---
  duration_ms: 206.619834
  ...
# Subtest: ipfs adapter builds URLs and handles fetch errors
ok 109 - ipfs adapter builds URLs and handles fetch errors
  ---
  duration_ms: 220.671125
  ...
# Subtest: blockchain adapter validates inputs and handles RPC errors
ok 110 - blockchain adapter validates inputs and handles RPC errors
  ---
  duration_ms: 185.632833
  ...
# Subtest: llm adapter validates inputs and handles HTTP errors
ok 111 - llm adapter validates inputs and handles HTTP errors
  ---
  duration_ms: 216.9045
  ...
# Subtest: level builder adapter supports in-process and worker-backed requests
not ok 112 - level builder adapter supports in-process and worker-backed requests
  ---
  duration_ms: 221.261541
  location: '/Users/darren/Documents/GitHub/agent-kernel/tests/adapters-web/adapter-modules.test.js:214:1'
  failureType: 'testCodeFailure'
  error: |-
    ESM script failed (1): (node:32514) ExperimentalWarning: `--experimental-loader` may be removed in the future; instead use `register()`:
    --import 'data:text/javascript,import { register } from "node:module"; import { pathToFileURL } from "node:url"; register("ts-node/esm", pathToFileURL("./"));'
    (Use `node --trace-warnings ...` to show where the warning was created)
    (node:32514) [DEP0180] DeprecationWarning: fs.Stats constructor is deprecated.
    (Use `node --trace-deprecation ...` to show where the warning was created)
    node:internal/modules/run_main:122
        triggerUncaughtException(
        ^
    
    AssertionError [ERR_ASSERTION]: Expected values to be strictly equal:
    
    'W' !== 'w'
    
        at file:///Users/darren/Documents/GitHub/agent-kernel/[eval1]:39:8 {
      generatedMessage: true,
      code: 'ERR_ASSERTION',
      actual: 'W',
      expected: 'w',
      operator: 'strictEqual'
    }
    
    Node.js v22.10.0
    
  code: 'ERR_TEST_FAILURE'
  stack: |-
    file:///Users/darren/Documents/GitHub/agent-kernel/[eval1]:39:8 {
    runEsm (/Users/darren/Documents/GitHub/agent-kernel/tests/helpers/esm-runner.js:29:11)
    TestContext.<anonymous> (/Users/darren/Documents/GitHub/agent-kernel/tests/adapters-web/adapter-modules.test.js:215:3)
    Test.runInAsyncScope (node:async_hooks:211:14)
    Test.run (node:internal/test_runner/test:934:25)
    Test.processPendingSubtests (node:internal/test_runner/test:633:18)
    Test.postRun (node:internal/test_runner/test:1045:19)
    Test.run (node:internal/test_runner/test:973:12)
    async Test.processPendingSubtests (node:internal/test_runner/test:633:7)
  ...
# Subtest: cli worker adapter supports in-process build execution and worker lifecycle controls
ok 113 - cli worker adapter supports in-process build execution and worker lifecycle controls
  ---
  duration_ms: 419.020083
  ...
# Subtest: adapters-web entrypoints exist
ok 114 - adapters-web entrypoints exist
  ---
  duration_ms: 0.509333
  ...
# Subtest: web solver adapter supports fixture and stub paths
ok 115 - web solver adapter supports fixture and stub paths
  ---
  duration_ms: 191.949875
  ...
# Subtest: allocator layout spend applies tile costs and budget bounds
ok 116 - allocator layout spend applies tile costs and budget bounds
  ---
  duration_ms: 174.558583
  ...
# Subtest: allocator selection spend trims over-budget selections deterministically
ok 117 - allocator selection spend trims over-budget selections deterministically
  ---
  duration_ms: 214.69525
  ...
# Subtest: allocator selection spend approves selections when budget allows
ok 118 - allocator selection spend approves selections when budget allows
  ---
  duration_ms: 204.59875
  ...
# Subtest: allocator selection spend includes actor configuration costs
ok 119 - allocator selection spend includes actor configuration costs
  ---
  duration_ms: 217.421625
  ...
# Subtest: allocator validates spend proposals deterministically
ok 120 - allocator validates spend proposals deterministically
  ---
  duration_ms: 174.631666
  ...
# Subtest: allocator ledger updates deterministically
ok 121 - allocator ledger updates deterministically
  ---
  duration_ms: 174.093833
  ...
# Subtest: loadCore rejects missing wasm
ok 122 - loadCore rejects missing wasm
  ---
  duration_ms: 182.687959
  ...
# Subtest: loadCore rejects invalid wasm
ok 123 - loadCore rejects invalid wasm
  ---
  duration_ms: 204.168709
  ...
# Subtest: bindings expose MVP movement helpers and stable shapes
ok 124 - bindings expose MVP movement helpers and stable shapes
  ---
  duration_ms: 194.252792
  ...
# Subtest: bindings observation includes affinity metadata when provided
ok 125 - bindings observation includes affinity metadata when provided
  ---
  duration_ms: 192.243084
  ...
# Subtest: readObservation includes static traps exposed directly by core
ok 126 - readObservation includes static traps exposed directly by core
  ---
  duration_ms: 164.790583
  ...
# Subtest: bindings entrypoints exist
ok 127 - bindings entrypoints exist
  ---
  duration_ms: 0.431791
  ...
# Subtest: budget artifacts accept valid shapes
ok 128 - budget artifacts accept valid shapes
  ---
  duration_ms: 0.726542
  ...
# Subtest: budget artifacts reject missing costs or status
ok 129 - budget artifacts reject missing costs or status
  ---
  duration_ms: 5.72375
  ...
# Subtest: budget receipts reject negative remaining when approved
ok 130 - budget receipts reject negative remaining when approved
  ---
  duration_ms: 0.352166
  ...
# Subtest: build spec validation accepts basic fixture
ok 131 - build spec validation accepts basic fixture
  ---
  duration_ms: 9.383959
  ...
# Subtest: build spec validation rejects missing intent goal
ok 132 - build spec validation rejects missing intent goal
  ---
  duration_ms: 0.76225
  ...
# Subtest: build spec validation rejects invalid adapter capture
ok 133 - build spec validation rejects invalid adapter capture
  ---
  duration_ms: 0.69775
  ...
# Subtest: build spec validation rejects non-object intent hints
ok 134 - build spec validation rejects non-object intent hints
  ---
  duration_ms: 0.986375
  ...
# Subtest: build spec validation rejects non-object configurator inputs
ok 135 - build spec validation rejects non-object configurator inputs
  ---
  duration_ms: 0.897875
  ...
# Subtest: captured input artifacts accept valid shapes
ok 136 - captured input artifacts accept valid shapes
  ---
  duration_ms: 0.558333
  ...
# Subtest: captured input artifacts reject missing source or payload
ok 137 - captured input artifacts reject missing source or payload
  ---
  duration_ms: 6.578958
  ...
# Subtest: core-as rejects invalid actor placement: actor-placement-v1-out-of-bounds.json
ok 138 - core-as rejects invalid actor placement: actor-placement-v1-out-of-bounds.json
  ---
  duration_ms: 8.97675
  ...
# Subtest: core-as rejects invalid actor placement: actor-placement-v1-spawn-mismatch.json
ok 139 - core-as rejects invalid actor placement: actor-placement-v1-spawn-mismatch.json
  ---
  duration_ms: 2.714875
  ...
# Subtest: core-as rejects invalid actor placement: actor-placement-v1-spawn-barrier.json
ok 140 - core-as rejects invalid actor placement: actor-placement-v1-spawn-barrier.json
  ---
  duration_ms: 1.990041
  ...
# Subtest: core-as rejects invalid actor placement: actor-placement-v1-overlap.json
ok 141 - core-as rejects invalid actor placement: actor-placement-v1-overlap.json
  ---
  duration_ms: 1.712166
  ...
# Subtest: core-as rejects placements over the max actor slots
ok 142 - core-as rejects placements over the max actor slots
  ---
  duration_ms: 2.274125
  ...
# Subtest: core-as exposes canonical actor state with vitals
ok 143 - core-as exposes canonical actor state with vitals
  ---
  duration_ms: 7.904084
  ...
# Subtest: core-as rejects actor states missing a vital
ok 144 - core-as rejects actor states missing a vital
  ---
  duration_ms: 2.492625
  ...
# Subtest: core-as rejects actor states missing stamina
ok 145 - core-as rejects actor states missing stamina
  ---
  duration_ms: 1.566708
  ...
# Subtest: core-as rejects actor states missing vital regen values
ok 146 - core-as rejects actor states missing vital regen values
  ---
  duration_ms: 2.663709
  ...
# Subtest: core-as raises/destroys barriers and arms/disarms static traps
ok 147 - core-as raises/destroys barriers and arms/disarms static traps
  ---
  duration_ms: 4.84275
  ...
# Subtest: core-as defaults capability costs to deterministic values
ok 148 - core-as defaults capability costs to deterministic values
  ---
  duration_ms: 6.295416
  ...
# Subtest: core-as accepts capability fixtures with non-negative values
ok 149 - core-as accepts capability fixtures with non-negative values
  ---
  duration_ms: 2.422292
  ...
# Subtest: core-as rejects negative capability costs
ok 150 - core-as rejects negative capability costs
  ---
  duration_ms: 1.617417
  ...
# Subtest: core-as applies tick regen and clamps vitals
ok 151 - core-as applies tick regen and clamps vitals
  ---
  duration_ms: 1.87875
  ...
# Subtest: core init rejects invalid seed
ok 152 - core init rejects invalid seed
  ---
  duration_ms: 8.205125
  ...
# Subtest: core applyAction rejects invalid kind/value
ok 153 - core applyAction rejects invalid kind/value
  ---
  duration_ms: 2.505084
  ...
# Subtest: core budget caps emit limit reached/violated
ok 154 - core budget caps emit limit reached/violated
  ---
  duration_ms: 1.561875
  ...
# Subtest: core emits external fact requests and fulfillment/defer effects deterministically
ok 155 - core emits external fact requests and fulfillment/defer effects deterministically
  ---
  duration_ms: 1.501209
  ...
# Subtest: core guards missing pending requests and emits telemetry/solver requests
ok 156 - core guards missing pending requests and emits telemetry/solver requests
  ---
  duration_ms: 2.20725
  ...
# Subtest: core-as has no external imports
ok 157 - core-as has no external imports
  ---
  duration_ms: 2.964167
  ...
# Subtest: core-as applies move actions and renders MVP frames
ok 158 - core-as applies move actions and renders MVP frames
  ---
  duration_ms: 7.164917
  ...
# Subtest: core-as rejects blocked or mistimed moves without advancing state
ok 159 - core-as rejects blocked or mistimed moves without advancing state
  ---
  duration_ms: 2.400458
  ...
# Subtest: core-as rejects moves when stamina is insufficient
ok 160 - core-as rejects moves when stamina is insufficient
  ---
  duration_ms: 1.48275
  ...
# Subtest: core-as moves across large coordinates with new encoding
ok 161 - core-as moves across large coordinates with new encoding
  ---
  duration_ms: 2.480833
  ...
# Subtest: core-as applies emit trap damage when moving onto an affinity tile
ok 162 - core-as applies emit trap damage when moving onto an affinity tile
  ---
  duration_ms: 1.687834
  ...
# Subtest: core-as snapshot data is deterministic for barrier scenario
ok 163 - core-as snapshot data is deterministic for barrier scenario
  ---
  duration_ms: 4.620291
  ...
# Subtest: core-as exposes tile actor occupancy for the MVP grid
ok 164 - core-as exposes tile actor occupancy for the MVP grid
  ---
  duration_ms: 6.43625
  ...
# Subtest: core-as blocks movement into barrier tile actors and renders barriers
ok 165 - core-as blocks movement into barrier tile actors and renders barriers
  ---
  duration_ms: 3.367125
  ...
# Subtest: shared runtime vital constants match core-as VitalKind enum order
ok 166 - shared runtime vital constants match core-as VitalKind enum order
  ---
  duration_ms: 5.664458
  ...
# Subtest: core-as configures tiered grid sizes
ok 167 - core-as configures tiered grid sizes
  ---
  duration_ms: 5.62225
  ...
# Subtest: core-as rejects grids over the max cell limit
ok 168 - core-as rejects grids over the max cell limit
  ---
  duration_ms: 1.914584
  ...
# Subtest: default pool weights: 55% rooms, 20% delvers, 25% wardens (design §2.2)
ok 169 - default pool weights: 55% rooms, 20% delvers, 25% wardens (design §2.2)
  ---
  duration_ms: 195.733792
  ...
# Subtest: reference budget constant is 1000 (design §2.1)
ok 170 - reference budget constant is 1000 (design §2.1)
  ---
  duration_ms: 202.27325
  ...
# Subtest: custom pool weights override defaults
ok 171 - custom pool weights override defaults
  ---
  duration_ms: 190.7325
  ...
# Subtest: UI budgetSplitPercent handoff: poolWeights pass through summary → BuildSpec → allocation
ok 172 - UI budgetSplitPercent handoff: poolWeights pass through summary → BuildSpec → allocation
  ---
  duration_ms: 219.236167
  ...
# Subtest: default allocation when poolWeights not provided
ok 173 - default allocation when poolWeights not provided
  ---
  duration_ms: 212.825834
  ...
# Subtest: affinity stack cost formula: 10 + 8·(n-1)² (design §6.2)
ok 174 - affinity stack cost formula: 10 + 8·(n-1)² (design §6.2)
  ---
  duration_ms: 202.195292
  ...
# Subtest: vital max costs: 2H + 2M + S + 2D (design §7)
ok 175 - vital max costs: 2H + 2M + S + 2D (design §7)
  ---
  duration_ms: 184.941708
  ...
# Subtest: regen costs are quadratic: 12·R² + 5·R² + 4·R² + 10·R² (design §8)
ok 176 - regen costs are quadratic: 12·R² + 5·R² + 4·R² + 10·R² (design §8)
  ---
  duration_ms: 241.309292
  ...
# Subtest: durability regen is supported (design §8.4)
ok 177 - durability regen is supported (design §8.4)
  ---
  duration_ms: 208.417416
  ...
# Subtest: affinity base cost is 30 (design §6.1)
ok 178 - affinity base cost is 30 (design §6.1)
  ---
  duration_ms: 174.287375
  ...
# Subtest: expression costs: external=35, internal=25 (design §6.4)
ok 179 - expression costs: external=35, internal=25 (design §6.4)
  ---
  duration_ms: 208.476542
  ...
# Subtest: motivation costs: simple=25, advanced=50 (design §6.6)
ok 180 - motivation costs: simple=25, advanced=50 (design §6.6)
  ---
  duration_ms: 178.934292
  ...
# Subtest: minimum external affinity package cost: 30 + 10 + 35 = 75 (design §6.5)
ok 181 - minimum external affinity package cost: 30 + 10 + 35 = 75 (design §6.5)
  ---
  duration_ms: 173.671917
  ...
# Subtest: minimum internal affinity package cost: 30 + 10 + 25 = 65 (design §6.5)
ok 182 - minimum internal affinity package cost: 30 + 10 + 25 = 65 (design §6.5)
  ---
  duration_ms: 227.470958
  ...
# Subtest: runtime external mana use: 5 + 4·(s-1)² (design §9.1)
ok 183 - runtime external mana use: 5 + 4·(s-1)² (design §9.1)
  ---
  duration_ms: 209.736875
  ...
# Subtest: runtime internal mana upkeep: 2 + s (design §9.2)
ok 184 - runtime internal mana upkeep: 2 + s (design §9.2)
  ---
  duration_ms: 178.986417
  ...
# Subtest: external range: 1 + s (design §10.1)
ok 185 - external range: 1 + s (design §10.1)
  ---
  duration_ms: 170.794625
  ...
# Subtest: internal radius: 1 + s (design §10.2)
ok 186 - internal radius: 1 + s (design §10.2)
  ---
  duration_ms: 185.338375
  ...
# Subtest: draw net formula: 3·min(s,e) - (2+s) (design §11.3)
ok 187 - draw net formula: 3·min(s,e) - (2+s) (design §11.3)
  ---
  duration_ms: 200.680458
  ...
# Subtest: emit strength: s (design §12.2)
ok 188 - emit strength: s (design §12.2)
  ---
  duration_ms: 183.847334
  ...
# Subtest: affinity package validation: requires kind + stacks + expression (design §5.1)
ok 189 - affinity package validation: requires kind + stacks + expression (design §5.1)
  ---
  duration_ms: 197.707875
  ...
# Subtest: incentive multiplier: max(0, 1 - 1.25×|D/W - 0.8|) (design §3.3)
ok 190 - incentive multiplier: max(0, 1 - 1.25×|D/W - 0.8|) (design §3.3)
  ---
  duration_ms: 192.944417
  ...
# Subtest: target delver/warden ratio is 0.8 (design §3.2)
ok 191 - target delver/warden ratio is 0.8 (design §3.2)
  ---
  duration_ms: 185.319208
  ...
# Subtest: reference budget is 1000 (design §2.1)
ok 192 - reference budget is 1000 (design §2.1)
  ---
  duration_ms: 238.498917
  ...
# Subtest: reference targets: rooms=550, delvers=200, wardens=250 (design §2.2)
ok 193 - reference targets: rooms=550, delvers=200, wardens=250 (design §2.2)
  ---
  duration_ms: 211.452584
  ...
# Subtest: scenario spend report includes all required fields (design §14)
ok 194 - scenario spend report includes all required fields (design §14)
  ---
  duration_ms: 174.423167
  ...
# Subtest: simple motivations cost 25, advanced cost 50 (design §6.6)
ok 195 - simple motivations cost 25, advanced cost 50 (design §6.6)
  ---
  duration_ms: 193.527416
  ...
# Subtest: calculateMotivationStackCost uses updated pricing
ok 196 - calculateMotivationStackCost uses updated pricing
  ---
  duration_ms: 182.660625
  ...
# Subtest: actor placement fixtures declare schema and expected errors
ok 197 - actor placement fixtures declare schema and expected errors
  ---
  duration_ms: 1.656667
  ...
# Subtest: actor-state fixtures include full vitals defaults
ok 198 - actor-state fixtures include full vitals defaults
  ---
  duration_ms: 4.171375
  ...
# Subtest: actor-state invalid fixtures omit required vital fields
ok 199 - actor-state invalid fixtures omit required vital fields
  ---
  duration_ms: 0.243833
  ...
# Subtest: mvp sim config defines a deterministic 9x9 grid with spawn/exit and palette
ok 200 - mvp sim config defines a deterministic 9x9 grid with spawn/exit and palette
  ---
  duration_ms: 0.598708
  ...
# Subtest: initial actor defaults live on the spawn tile with vitals stub
ok 201 - initial actor defaults live on the spawn tile with vitals stub
  ---
  duration_ms: 0.066708
  ...
# Subtest: action sequence walks the MVP maze to the exit in deterministic ticks
ok 202 - action sequence walks the MVP maze to the exit in deterministic ticks
  ---
  duration_ms: 0.132417
  ...
# Subtest: frame buffers mirror the action path and keep map metadata in sync
ok 203 - frame buffers mirror the action path and keep map metadata in sync
  ---
  duration_ms: 0.241375
  ...
# Subtest: build spec bundle fixture preserves spec serialization order
ok 204 - build spec bundle fixture preserves spec serialization order
  ---
  duration_ms: 0.537542
  ...
# Subtest: build spec bundle manifest and bundle are consistent
ok 205 - build spec bundle manifest and bundle are consistent
  ---
  duration_ms: 7.728042
  ...
# Subtest: artifact fixtures round-trip serialize
ok 206 - artifact fixtures round-trip serialize
  ---
  duration_ms: 8.604875
  ...
# Subtest: invalid fixtures omit required fields
ok 207 - invalid fixtures omit required fields
  ---
  duration_ms: 0.771375
  ...
# Subtest: live llm prompt flows into build + runtime
ok 208 - live llm prompt flows into build + runtime # SKIP Set AK_LLM_LIVE=1 to run live LLM integration test.
  ---
  duration_ms: 0.501083
  ...
# Subtest: e2e trace wires prompt -> summary -> build -> runtime
ok 209 - e2e trace wires prompt -> summary -> build -> runtime
  ---
  duration_ms: 71.567625
  ...
# Subtest: e2e trace exercises room layouts for tiered scenario
ok 210 - e2e trace exercises room layouts for tiered scenario
  ---
  duration_ms: 18.128958
  ...
# Subtest: browser host build artifacts are equivalent to Node CLI output
ok 211 - browser host build artifacts are equivalent to Node CLI output
  ---
  duration_ms: 407.208416
  ...
# Subtest: browser host solve artifacts are equivalent to Node CLI output
ok 212 - browser host solve artifacts are equivalent to Node CLI output
  ---
  duration_ms: 108.699459
  ...
# Subtest: browser host configurator artifacts are equivalent to Node CLI output
ok 213 - browser host configurator artifacts are equivalent to Node CLI output
  ---
  duration_ms: 124.576958
  ...
# Subtest: browser host budget artifacts are equivalent to Node CLI output
ok 214 - browser host budget artifacts are equivalent to Node CLI output
  ---
  duration_ms: 110.823917
  ...
# Subtest: browser host ipfs-publish artifacts are equivalent to Node CLI output
ok 215 - browser host ipfs-publish artifacts are equivalent to Node CLI output
  ---
  duration_ms: 120.734667
  ...
# Subtest: browser host ipfs-load artifacts are equivalent to Node CLI output
ok 216 - browser host ipfs-load artifacts are equivalent to Node CLI output
  ---
  duration_ms: 100.544458
  ...
# Subtest: browser host blockchain-mint artifacts are equivalent to Node CLI output
ok 217 - browser host blockchain-mint artifacts are equivalent to Node CLI output
  ---
  duration_ms: 104.309708
  ...
# Subtest: browser host blockchain-load artifacts are equivalent to Node CLI output
ok 218 - browser host blockchain-load artifacts are equivalent to Node CLI output
  ---
  duration_ms: 111.227167
  ...
# Subtest: browser host llm-plan artifacts are equivalent to Node CLI output
ok 219 - browser host llm-plan artifacts are equivalent to Node CLI output
  ---
  duration_ms: 209.038458
  ...
# Subtest: browser host llm artifacts are equivalent to Node CLI output
ok 220 - browser host llm artifacts are equivalent to Node CLI output
  ---
  duration_ms: 121.425542
  ...
# Subtest: browser host run artifacts are equivalent to Node CLI output
ok 221 - browser host run artifacts are equivalent to Node CLI output
  ---
  duration_ms: 130.862875
  ...
# Subtest: browser host replay artifacts are equivalent to Node CLI output
ok 222 - browser host replay artifacts are equivalent to Node CLI output
  ---
  duration_ms: 249.855792
  ...
# Subtest: browser host inspect artifacts are equivalent to Node CLI output
ok 223 - browser host inspect artifacts are equivalent to Node CLI output
  ---
  duration_ms: 212.300375
  ...
# Subtest: perf harness probes grid sizes and reports headless metrics
ok 224 - perf harness probes grid sizes and reports headless metrics # SKIP Set AK_PERF=1 to run perf harness
  ---
  duration_ms: 0.351708
  ...
# Subtest: actor persona gates motivation and affinity proposals by budget
ok 225 - actor persona gates motivation and affinity proposals by budget
  ---
  duration_ms: 451.666834
  ...
# Subtest: actor persona filters proposals to motivated actors
ok 226 - actor persona filters proposals to motivated actors
  ---
  duration_ms: 453.676292
  ...
# Subtest: actor persona proposes deterministic movement toward exit
ok 227 - actor persona proposes deterministic movement toward exit
  ---
  duration_ms: 449.165125
  ...
# Subtest: actor persona handles phase-driven cases
ok 228 - actor persona handles phase-driven cases
  ---
  duration_ms: 499.423375
  ...
# Subtest: actor persona enforces guard/invalid events
ok 229 - actor persona enforces guard/invalid events
  ---
  duration_ms: 442.463292
  ...
# Subtest: actor persona emits runtime-decision solver requests from live observation context
ok 230 - actor persona emits runtime-decision solver requests from live observation context
  ---
  duration_ms: 556.847209
  ...
# Subtest: actor persona keeps manual live LLM runtime requests on the same solver_request rail
ok 231 - actor persona keeps manual live LLM runtime requests on the same solver_request rail
  ---
  duration_ms: 469.844583
  ...
# Subtest: actor state machine follows happy path transitions
ok 232 - actor state machine follows happy path transitions
  ---
  duration_ms: 279.431125
  ...
# Subtest: actor state machine enforces guard and invalid transitions
ok 233 - actor state machine enforces guard and invalid transitions
  ---
  duration_ms: 228.692625
  ...
# Subtest: allocator and actor personas emit budget-aware actions and close request loops
ok 234 - allocator and actor personas emit budget-aware actions and close request loops
  ---
  duration_ms: 472.727084
  ...
# Subtest: motivation price policy: canonical costs, families, and stack pricing
ok 235 - motivation price policy: canonical costs, families, and stack pricing
  ---
  duration_ms: 195.255792
  ...
# Subtest: motivation costs flow through calculateActorConfigurationUnitCost
ok 236 - motivation costs flow through calculateActorConfigurationUnitCost
  ---
  duration_ms: 251.146417
  ...
# Subtest: allocator persona handles phase-driven cases
ok 237 - allocator persona handles phase-driven cases
  ---
  duration_ms: 323.494375
  ...
# Subtest: allocator persona enforces guard/invalid events
ok 238 - allocator persona enforces guard/invalid events
  ---
  duration_ms: 343.471667
  ...
# Subtest: allocator persona emits solver_request when provided
ok 239 - allocator persona emits solver_request when provided
  ---
  duration_ms: 346.377
  ...
# Subtest: allocator persona has no solver_request when missing payload
ok 240 - allocator persona has no solver_request when missing payload
  ---
  duration_ms: 313.426542
  ...
# Subtest: allocator state machine follows happy path transitions
ok 241 - allocator state machine follows happy path transitions
  ---
  duration_ms: 227.093958
  ...
# Subtest: allocator state machine enforces guard and invalid transitions
ok 242 - allocator state machine enforces guard and invalid transitions
  ---
  duration_ms: 208.208833
  ...
# Subtest: annotator llm trace helper summarizes orchestrator captures
ok 243 - annotator llm trace helper summarizes orchestrator captures
  ---
  duration_ms: 195.038667
  ...
# Subtest: annotator persona handles phase-driven cases
ok 244 - annotator persona handles phase-driven cases
  ---
  duration_ms: 280.79225
  ...
# Subtest: annotator persona enforces guard/invalid events
ok 245 - annotator persona enforces guard/invalid events
  ---
  duration_ms: 232.614208
  ...
# Subtest: annotator state machine follows happy path transitions
ok 246 - annotator state machine follows happy path transitions
  ---
  duration_ms: 271.523833
  ...
# Subtest: annotator state machine enforces guard and invalid transitions
ok 247 - annotator state machine enforces guard and invalid transitions
  ---
  duration_ms: 212.285417
  ...
# Subtest: annotator persona emits telemetry records and summaries from observations
ok 248 - annotator persona emits telemetry records and summaries from observations
  ---
  duration_ms: 305.504167
  ...
# Subtest: actor config generation cost calculation and validation
not ok 249 - actor config generation cost calculation and validation
  ---
  duration_ms: 184.244333
  location: '/Users/darren/Documents/GitHub/agent-kernel/tests/personas/configurator-actor-config-generation.test.js:66:1'
  failureType: 'testCodeFailure'
  error: |-
    ESM script failed (1): (node:32599) ExperimentalWarning: `--experimental-loader` may be removed in the future; instead use `register()`:
    --import 'data:text/javascript,import { register } from "node:module"; import { pathToFileURL } from "node:url"; register("ts-node/esm", pathToFileURL("./"));'
    (Use `node --trace-warnings ...` to show where the warning was created)
    (node:32599) [DEP0180] DeprecationWarning: fs.Stats constructor is deprecated.
    (Use `node --trace-deprecation ...` to show where the warning was created)
    node:internal/modules/run_main:122
        triggerUncaughtException(
        ^
    
    AssertionError [ERR_ASSERTION]: Expected values to be strictly equal:
    
    false !== true
    
        at file:///Users/darren/Documents/GitHub/agent-kernel/[eval1]:32:10
        at ModuleJob.run (node:internal/modules/esm/module_job:268:25)
        at async onImport.tracePromise.__proto__ (node:internal/modules/esm/loader:216:26)
        at async ModuleLoader.eval (node:internal/modules/esm/loader:212:20)
        at async asyncRunEntryPointWithESMLoader (node:internal/modules/run_main:116:5) {
      generatedMessage: true,
      code: 'ERR_ASSERTION',
      actual: false,
      expected: true,
      operator: 'strictEqual'
    }
    
    Node.js v22.10.0
    
  code: 'ERR_TEST_FAILURE'
  stack: |-
    file:///Users/darren/Documents/GitHub/agent-kernel/[eval1]:32:10
    ModuleJob.run (node:internal/modules/esm/module_job:268:25)
    async onImport.tracePromise.__proto__ (node:internal/modules/esm/loader:216:26)
    async ModuleLoader.eval (node:internal/modules/esm/loader:212:20)
    async asyncRunEntryPointWithESMLoader (node:internal/modules/run_main:116:5) {
    runEsm (/Users/darren/Documents/GitHub/agent-kernel/tests/helpers/esm-runner.js:29:11)
    TestContext.<anonymous> (/Users/darren/Documents/GitHub/agent-kernel/tests/personas/configurator-actor-config-generation.test.js:67:3)
    Test.runInAsyncScope (node:async_hooks:211:14)
    Test.run (node:internal/test_runner/test:934:25)
    Test.start (node:internal/test_runner/test:833:17)
    startSubtestAfterBootstrap (node:internal/test_runner/harness:296:17)
  ...
# Subtest: actor generator emits stable, diverse, bounded actors
ok 250 - actor generator emits stable, diverse, bounded actors
  ---
  duration_ms: 204.697959
  ...
# Subtest: affinity effects resolve vitals and abilities deterministically
ok 251 - affinity effects resolve vitals and abilities deterministically
  ---
  duration_ms: 208.964875
  ...
# Subtest: affinity presets and loadouts normalize with defaults
ok 252 - affinity presets and loadouts normalize with defaults
  ---
  duration_ms: 185.930875
  ...
# Subtest: affinity presets reject invalid kinds
ok 253 - affinity presets reject invalid kinds
  ---
  duration_ms: 238.790709
  ...
# Subtest: affinity presets reject invalid expressions
ok 254 - affinity presets reject invalid expressions
  ---
  duration_ms: 172.235041
  ...
# Subtest: loadouts reject unknown preset references
ok 255 - loadouts reject unknown preset references
  ---
  duration_ms: 191.141208
  ...
# Subtest: loadouts reject invalid expressions and non-affinity equipment
ok 256 - loadouts reject invalid expressions and non-affinity equipment
  ---
  duration_ms: 184.296166
  ...
# Subtest: loadouts reject invalid target types
ok 257 - loadouts reject invalid target types
  ---
  duration_ms: 180.664791
  ...
# Subtest: loadouts reject missing actor ids
ok 258 - loadouts reject missing actor ids
  ---
  duration_ms: 192.42875
  ...
# Subtest: loadouts reject stacks exceeding preset max
ok 259 - loadouts reject stacks exceeding preset max
  ---
  duration_ms: 212.294333
  ...
# Subtest: loadouts enforce required expressions per actor
ok 260 - loadouts enforce required expressions per actor
  ---
  duration_ms: 183.972417
  ...
# Subtest: configurator artifact builders produce deterministic artifacts
ok 261 - configurator artifact builders produce deterministic artifacts
  ---
  duration_ms: 202.577083
  ...
# Subtest: configurator artifact fixtures include traps and affinity traits
ok 262 - configurator artifact fixtures include traps and affinity traits
  ---
  duration_ms: 0.641583
  ...
# Subtest: configurator feasibility validation checks layout and actor placement
ok 263 - configurator feasibility validation checks layout and actor placement
  ---
  duration_ms: 198.829916
  ...
# Subtest: guidance level builder derives deterministic level previews from guidance summaries
ok 264 - guidance level builder derives deterministic level previews from guidance summaries
  ---
  duration_ms: 286.674833
  ...
# Subtest: mixed-affinity floor resolution is invariant to trap ordering (permutation test)
ok 265 - mixed-affinity floor resolution is invariant to trap ordering (permutation test)
  ---
  duration_ms: 223.613959
  ...
# Subtest: guidance level builder maps room cards into level generation inputs
ok 266 - guidance level builder maps room cards into level generation inputs
  ---
  duration_ms: 258.919833
  ...
# Subtest: normalizeLevelGenInput applies room/hallway defaults for optional fields
ok 267 - normalizeLevelGenInput applies room/hallway defaults for optional fields
  ---
  duration_ms: 179.679708
  ...
# Subtest: normalizeLevelGenInput clamps out-of-range room and distance values
ok 268 - normalizeLevelGenInput clamps out-of-range room and distance values
  ---
  duration_ms: 223.268959
  ...
# Subtest: normalizeLevelGenInput rejects invalid sizes
ok 269 - normalizeLevelGenInput rejects invalid sizes
  ---
  duration_ms: 175.640958
  ...
# Subtest: normalizeLevelGenInput rejects missing required fields
ok 270 - normalizeLevelGenInput rejects missing required fields
  ---
  duration_ms: 205.396417
  ...
# Subtest: normalizeLevelGenInput rejects walkable target above grid capacity
ok 271 - normalizeLevelGenInput rejects walkable target above grid capacity
  ---
  duration_ms: 201.649834
  ...
# Subtest: normalizeLevelGenInput does not enforce fixed max side or walkable limits
ok 272 - normalizeLevelGenInput does not enforce fixed max side or walkable limits
  ---
  duration_ms: 199.509542
  ...
# Subtest: normalizeLevelGenInput preserves optional shape corridor settings
ok 273 - normalizeLevelGenInput preserves optional shape corridor settings
  ---
  duration_ms: 199.867625
  ...
# Subtest: normalizeLevelGenInput accepts explicit grid pattern shape settings
ok 274 - normalizeLevelGenInput accepts explicit grid pattern shape settings
  ---
  duration_ms: 197.405333
  ...
# Subtest: normalizeLevelGenInput accepts diagonal and concentric hallway patterns
ok 275 - normalizeLevelGenInput accepts diagonal and concentric hallway patterns
  ---
  duration_ms: 183.248125
  ...
# Subtest: normalizeLevelGenInput validates optional trap target types
ok 276 - normalizeLevelGenInput validates optional trap target types
  ---
  duration_ms: 286.309167
  ...
# Subtest: room layouts are deterministic and connected for tiered sizes
ok 277 - room layouts are deterministic and connected for tiered sizes
  ---
  duration_ms: 248.831333
  ...
# Subtest: level layout generator is deterministic for rooms-and-hallways inputs
ok 278 - level layout generator is deterministic for rooms-and-hallways inputs
  ---
  duration_ms: 221.451417
  ...
# Subtest: default layout uses room-first flow with explicit room chambers
ok 279 - default layout uses room-first flow with explicit room chambers
  ---
  duration_ms: 206.884791
  ...
# Subtest: level layout honors walkable tile targets for connected rooms
ok 280 - level layout honors walkable tile targets for connected rooms
  ---
  duration_ms: 210.318042
  ...
# Subtest: requirePath guarantees a spawn-to-exit path in room layouts
ok 281 - requirePath guarantees a spawn-to-exit path in room layouts
  ---
  duration_ms: 203.33875
  ...
# Subtest: wider hallways increase carved walkable area for the same room seed
ok 282 - wider hallways increase carved walkable area for the same room seed
  ---
  duration_ms: 213.68975
  ...
# Subtest: high-scale walkable room layouts complete in practical time
ok 283 - high-scale walkable room layouts complete in practical time
  ---
  duration_ms: 2112.968583
  ...
# Subtest: grid overlay carves internal room barriers while preserving movement gaps
ok 284 - grid overlay carves internal room barriers while preserving movement gaps
  ---
  duration_ms: 215.375041
  ...
# Subtest: diagonal and concentric hallway overlays carve patterned internal barriers
ok 285 - diagonal and concentric hallway overlays carve patterned internal barriers
  ---
  duration_ms: 397.939041
  ...
# Subtest: higher hallway infill produces denser in-room overlay carving
ok 286 - higher hallway infill produces denser in-room overlay carving
  ---
  duration_ms: 135.81625
  ...
# Subtest: pattern overlays do not block walkable room perimeter tiles
ok 287 - pattern overlays do not block walkable room perimeter tiles
  ---
  duration_ms: 496.895
  ...
# Subtest: level strategy mapping applies deterministic overrides
ok 288 - level strategy mapping applies deterministic overrides
  ---
  duration_ms: 195.698875
  ...
# Subtest: configurator persona handles phase-driven cases
ok 289 - configurator persona handles phase-driven cases
  ---
  duration_ms: 272.361458
  ...
# Subtest: configurator persona enforces guard/invalid events
ok 290 - configurator persona enforces guard/invalid events
  ---
  duration_ms: 295.08025
  ...
# Subtest: configurator persona emits solver_request when provided
ok 291 - configurator persona emits solver_request when provided
  ---
  duration_ms: 303.905625
  ...
# Subtest: configurator persona has no solver_request when missing payload
ok 292 - configurator persona has no solver_request when missing payload
  ---
  duration_ms: 320.86525
  ...
# Subtest: configurator builds spend proposals and validates receipts
ok 293 - configurator builds spend proposals and validates receipts
  ---
  duration_ms: 208.521625
  ...
# Subtest: configurator state machine follows happy path transitions
ok 294 - configurator state machine follows happy path transitions
  ---
  duration_ms: 244.280667
  ...
# Subtest: configurator state machine enforces guard and invalid transitions
ok 295 - configurator state machine enforces guard and invalid transitions
  ---
  duration_ms: 210.33975
  ...
# Subtest: director budget allocation splits pools deterministically
ok 296 - director budget allocation splits pools deterministically
  ---
  duration_ms: 190.661375
  ...
# Subtest: director/configurator personas emit deterministic solver_request effects
ok 297 - director/configurator personas emit deterministic solver_request effects
  ---
  duration_ms: 307.001375
  ...
# Subtest: director persona handles subscribed phases via table
ok 298 - director persona handles subscribed phases via table
  ---
  duration_ms: 318.23125
  ...
# Subtest: director persona ignores non-subscribed phases and surfaces guard errors
ok 299 - director persona ignores non-subscribed phases and surfaces guard errors
  ---
  duration_ms: 258.693542
  ...
# Subtest: director persona emits solver_request effect when provided
ok 300 - director persona emits solver_request effect when provided
  ---
  duration_ms: 358.399708
  ...
# Subtest: director state machine advances through table-driven happy path
ok 301 - director state machine advances through table-driven happy path
  ---
  duration_ms: 224.756291
  ...
# Subtest: director state machine enforces table-driven guard and missing transition errors
ok 302 - director state machine enforces table-driven guard and missing transition errors
  ---
  duration_ms: 221.807625
  ...
# Subtest: moderator affinity target resolver emits vital and environment effects
ok 303 - moderator affinity target resolver emits vital and environment effects
  ---
  duration_ms: 207.392541
  ...
# Subtest: moderator planner derives deterministic barrier and trap actions
ok 304 - moderator planner derives deterministic barrier and trap actions
  ---
  duration_ms: 202.033208
  ...
# Subtest: moderator persona handles phase-driven cases
ok 305 - moderator persona handles phase-driven cases
  ---
  duration_ms: 256.899708
  ...
# Subtest: moderator persona ignores non-advancing cases
ok 306 - moderator persona ignores non-advancing cases
  ---
  duration_ms: 278.701333
  ...
# Subtest: moderator state machine follows happy path transitions
ok 307 - moderator state machine follows happy path transitions
  ---
  duration_ms: 214.234542
  ...
# Subtest: moderator state machine enforces guard and invalid transitions
ok 308 - moderator state machine enforces guard and invalid transitions
  ---
  duration_ms: 207.379292
  ...
# Subtest: orchestrator ingests budget + price list inputs deterministically
ok 309 - orchestrator ingests budget + price list inputs deterministically
  ---
  duration_ms: 170.858625
  ...
# Subtest: budget loop repairs feasibility failures via repair prompt
ok 310 - budget loop repairs feasibility failures via repair prompt
  ---
  duration_ms: 277.568792
  ...
# Subtest: budget loop benchmarks walkability budget scaling up to 550000 at 1M total budget
ok 311 - budget loop benchmarks walkability budget scaling up to 550000 at 1M total budget
  ---
  duration_ms: 4229.690042
  ...
# Subtest: budget loop supports one billion token budgets without imposed ceiling
ok 312 - budget loop supports one billion token budgets without imposed ceiling
  ---
  duration_ms: 131.25375
  ...
# Subtest: budget loop avoids full-grid feasibility slowdown for very large walkability counts
ok 313 - budget loop avoids full-grid feasibility slowdown for very large walkability counts
  ---
  duration_ms: 121.751625
  ...
# Subtest: orchestrator budget loop sequences layout then actors
not ok 314 - orchestrator budget loop sequences layout then actors
  ---
  duration_ms: 279.636084
  location: '/Users/darren/Documents/GitHub/agent-kernel/tests/personas/orchestrator-llm-budget-loop.test.js:91:1'
  failureType: 'testCodeFailure'
  error: |-
    ESM script failed (1): (node:32693) ExperimentalWarning: `--experimental-loader` may be removed in the future; instead use `register()`:
    --import 'data:text/javascript,import { register } from "node:module"; import { pathToFileURL } from "node:url"; register("ts-node/esm", pathToFileURL("./"));'
    (Use `node --trace-warnings ...` to show where the warning was created)
    (node:32693) [DEP0180] DeprecationWarning: fs.Stats constructor is deprecated.
    (Use `node --trace-deprecation ...` to show where the warning was created)
    node:internal/modules/run_main:122
        triggerUncaughtException(
        ^
    
    AssertionError [ERR_ASSERTION]: Expected values to be strictly equal:
    
    99 !== 118
    
        at file:///Users/darren/Documents/GitHub/agent-kernel/[eval1]:72:8 {
      generatedMessage: true,
      code: 'ERR_ASSERTION',
      actual: 99,
      expected: 118,
      operator: 'strictEqual'
    }
    
    Node.js v22.10.0
    
  code: 'ERR_TEST_FAILURE'
  stack: |-
    file:///Users/darren/Documents/GitHub/agent-kernel/[eval1]:72:8 {
    runEsm (/Users/darren/Documents/GitHub/agent-kernel/tests/helpers/esm-runner.js:29:11)
    TestContext.<anonymous> (/Users/darren/Documents/GitHub/agent-kernel/tests/personas/orchestrator-llm-budget-loop.test.js:92:3)
    Test.runInAsyncScope (node:async_hooks:211:14)
    Test.run (node:internal/test_runner/test:934:25)
    Test.start (node:internal/test_runner/test:833:17)
    startSubtestAfterBootstrap (node:internal/test_runner/harness:296:17)
  ...
# Subtest: orchestrator budget loop applies tile price list costs
ok 315 - orchestrator budget loop applies tile price list costs
  ---
  duration_ms: 247.370542
  ...
# Subtest: orchestrator budget loop uses phi4 option budgets by phase
ok 316 - orchestrator budget loop uses phi4 option budgets by phase
  ---
  duration_ms: 269.29625
  ...
# Subtest: orchestrator budget loop auto-fits over-budget layout responses in non-strict mode
ok 317 - orchestrator budget loop auto-fits over-budget layout responses in non-strict mode
  ---
  duration_ms: 228.320209
  ...
# Subtest: orchestrator budget loop recovers actor picks without exact catalog pair in non-strict mode
ok 318 - orchestrator budget loop recovers actor picks without exact catalog pair in non-strict mode
  ---
  duration_ms: 243.865917
  ...
# Subtest: orchestrator budget loop keeps oversized walkable layout when budget allows
ok 319 - orchestrator budget loop keeps oversized walkable layout when budget allows
  ---
  duration_ms: 295.610084
  ...
# Subtest: orchestrator captures llm prompt/response as artifact
ok 320 - orchestrator captures llm prompt/response as artifact
  ---
  duration_ms: 221.114709
  ...
# Subtest: orchestrator llm session captures prompt/response
ok 321 - orchestrator llm session captures prompt/response
  ---
  duration_ms: 208.275
  ...
# Subtest: orchestrator llm session honors strict vs resilient parsing
ok 322 - orchestrator llm session honors strict vs resilient parsing
  ---
  duration_ms: 191.817084
  ...
# Subtest: orchestrator llm session enforces non-empty summary when configured
ok 323 - orchestrator llm session enforces non-empty summary when configured
  ---
  duration_ms: 219.027542
  ...
# Subtest: orchestrator llm session captures phase metadata
ok 324 - orchestrator llm session captures phase metadata
  ---
  duration_ms: 194.142416
  ...
# Subtest: orchestrator llm session expands repair output budget when actor response is truncated
ok 325 - orchestrator llm session expands repair output budget when actor response is truncated
  ---
  duration_ms: 195.949041
  ...
# Subtest: orchestrator llm session sanitizes invalid defender token hints and stamina regen
ok 326 - orchestrator llm session sanitizes invalid defender token hints and stamina regen
  ---
  duration_ms: 201.429416
  ...
# Subtest: orchestrator llm session recovers defender JSON with trailing commas
ok 327 - orchestrator llm session recovers defender JSON with trailing commas
  ---
  duration_ms: 199.395666
  ...
# Subtest: orchestrator llm session supports AI summary to card model to build spec round-trip
ok 328 - orchestrator llm session supports AI summary to card model to build spec round-trip
  ---
  duration_ms: 202.257416
  ...
# Subtest: orchestrator persona handles phase-driven cases
ok 329 - orchestrator persona handles phase-driven cases
  ---
  duration_ms: 267.630833
  ...
# Subtest: orchestrator persona enforces guard/invalid events
ok 330 - orchestrator persona enforces guard/invalid events
  ---
  duration_ms: 269.785959
  ...
# Subtest: orchestrator state machine follows happy path transitions
ok 331 - orchestrator state machine follows happy path transitions
  ---
  duration_ms: 223.5705
  ...
# Subtest: orchestrator state machine enforces guard and invalid transitions
ok 332 - orchestrator state machine enforces guard and invalid transitions
  ---
  duration_ms: 196.869459
  ...
# Subtest: summarizeTickHistory produces expected summary
ok 333 - summarizeTickHistory produces expected summary
  ---
  duration_ms: 182.36475
  ...
# Subtest: tick orchestrator drives phases and personas and collects actions
ok 334 - tick orchestrator drives phases and personas and collects actions
  ---
  duration_ms: 312.824209
  ...
# Subtest: tick orchestrator surfaces invalid transitions
ok 335 - tick orchestrator surfaces invalid transitions
  ---
  duration_ms: 353.898292
  ...
# Subtest: tick orchestrator converts solver runtime decisions into actions on the existing rail
ok 336 - tick orchestrator converts solver runtime decisions into actions on the existing rail
  ---
  duration_ms: 309.796208
  ...
# Subtest: tick orchestrator fulfills manual-mode live LLM runtime decisions on the same rail and captures the exchange
ok 337 - tick orchestrator fulfills manual-mode live LLM runtime decisions on the same rail and captures the exchange
  ---
  duration_ms: 294.978125
  ...
# Subtest: tick orchestrator does not perform automatic solver-to-LLM fallback when solver is unfulfilled
ok 338 - tick orchestrator does not perform automatic solver-to-LLM fallback when solver is unfulfilled
  ---
  duration_ms: 377.358667
  ...
# Subtest: tick state machine follows happy path transitions
ok 339 - tick state machine follows happy path transitions
  ---
  duration_ms: 248.949792
  ...
# Subtest: tick state machine enforces guard cases
ok 340 - tick state machine enforces guard cases
  ---
  duration_ms: 219.063375
  ...
# Subtest: tick state machine emits debug logs when enabled
ok 341 - tick state machine emits debug logs when enabled
  ---
  duration_ms: 216.841208
  ...
# Subtest: runtime maps actor proposals to core actions and replays deterministically
ok 342 - runtime maps actor proposals to core actions and replays deterministically
  ---
  duration_ms: 462.537375
  ...
# Subtest: runtime filters non-motivated proposals before packing actions
ok 343 - runtime filters non-motivated proposals before packing actions
  ---
  duration_ms: 458.317291
  ...
# (node:32719) [MODULE_TYPELESS_PACKAGE_JSON] Warning: Module type of file:///Users/darren/Documents/GitHub/agent-kernel/tests/runtime/affinity-palette.test.js is not specified and it doesn't parse as CommonJS.
# Reparsing as ES module because module syntax was detected. This incurs a performance overhead.
# To eliminate this warning, add "type": "module" to /Users/darren/Documents/GitHub/agent-kernel/package.json.
# (Use `node --trace-warnings ...` to show where the warning was created)
# Subtest: affinity-palette
    # Subtest: AFFINITY_COLOR_HEX
        # Subtest: should define a hex color for every canonical affinity kind
        ok 1 - should define a hex color for every canonical affinity kind
          ---
          duration_ms: 0.44325
          ...
        # Subtest: should have exactly 10 affinity entries
        ok 2 - should have exactly 10 affinity entries
          ---
          duration_ms: 0.062042
          ...
        # Subtest: should provide the expected colors for key affinities
        ok 3 - should provide the expected colors for key affinities
          ---
          duration_ms: 0.044166
          ...
        1..3
    ok 1 - AFFINITY_COLOR_HEX
      ---
      duration_ms: 0.904417
      type: 'suite'
      ...
    # Subtest: STACK_INTENSITY_TIERS
        # Subtest: should define at least 3 intensity tiers
        ok 1 - should define at least 3 intensity tiers
          ---
          duration_ms: 2.201583
          ...
        # Subtest: should have increasing saturation and decreasing lightness
        ok 2 - should have increasing saturation and decreasing lightness
          ---
          duration_ms: 0.173583
          ...
        # Subtest: should have glow values that increase or stay constant
        ok 3 - should have glow values that increase or stay constant
          ---
          duration_ms: 0.311167
          ...
        1..3
    ok 2 - STACK_INTENSITY_TIERS
      ---
      duration_ms: 3.009958
      type: 'suite'
      ...
    # Subtest: hexToRgba
        # Subtest: should convert valid hex to RGBA
        ok 1 - should convert valid hex to RGBA
          ---
          duration_ms: 0.894541
          ...
        # Subtest: should apply custom alpha
        ok 2 - should apply custom alpha
          ---
          duration_ms: 0.116208
          ...
        # Subtest: should fallback to black for invalid hex
        ok 3 - should fallback to black for invalid hex
          ---
          duration_ms: 0.245541
          ...
        1..3
    ok 3 - hexToRgba
      ---
      duration_ms: 1.752875
      type: 'suite'
      ...
    # Subtest: normalizeHex
        # Subtest: should return valid hex unchanged
        ok 1 - should return valid hex unchanged
          ---
          duration_ms: 0.215916
          ...
        # Subtest: should normalize uppercase to lowercase
        ok 2 - should normalize uppercase to lowercase
          ---
          duration_ms: 0.104541
          ...
        # Subtest: should return fallback for invalid hex
        ok 3 - should return fallback for invalid hex
          ---
          duration_ms: 0.078375
          ...
        1..3
    ok 4 - normalizeHex
      ---
      duration_ms: 0.632542
      type: 'suite'
      ...
    # Subtest: resolveStackIntensity
        # Subtest: should return tier1 for stack count 1
        ok 1 - should return tier1 for stack count 1
          ---
          duration_ms: 0.169458
          ...
        # Subtest: should return tier2 for stack count 2
        ok 2 - should return tier2 for stack count 2
          ---
          duration_ms: 0.080167
          ...
        # Subtest: should return tier3 for stack count 3
        ok 3 - should return tier3 for stack count 3
          ---
          duration_ms: 0.068875
          ...
        # Subtest: should cap at highest tier for stack count >= 4
        ok 4 - should cap at highest tier for stack count >= 4
          ---
          duration_ms: 0.136125
          ...
        # Subtest: should normalize non-integer stacks to nearest positive integer
        ok 5 - should normalize non-integer stacks to nearest positive integer
          ---
          duration_ms: 0.088792
          ...
        1..5
    ok 5 - resolveStackIntensity
      ---
      duration_ms: 0.684334
      type: 'suite'
      ...
    # Subtest: getAffinityRgba
        # Subtest: should return RGBA for valid affinity kind
        ok 1 - should return RGBA for valid affinity kind
          ---
          duration_ms: 0.192875
          ...
        # Subtest: should apply custom alpha
        ok 2 - should apply custom alpha
          ---
          duration_ms: 0.079084
          ...
        # Subtest: should fallback to white for unknown affinity kind
        ok 3 - should fallback to white for unknown affinity kind
          ---
          duration_ms: 0.107
          ...
        1..3
    ok 6 - getAffinityRgba
      ---
      duration_ms: 0.475417
      type: 'suite'
      ...
    # Subtest: validateAffinityPalette
        # Subtest: should pass validation for complete palette
        ok 1 - should pass validation for complete palette
          ---
          duration_ms: 0.143125
          ...
        1..1
    ok 7 - validateAffinityPalette
      ---
      duration_ms: 0.205917
      type: 'suite'
      ...
    1..7
ok 344 - affinity-palette
  ---
  duration_ms: 8.386041
  type: 'suite'
  ...
# Subtest: runtime applies budget caps from SimConfig
ok 345 - runtime applies budget caps from SimConfig
  ---
  duration_ms: 228.043875
  ...
# Subtest: orchestrateBuild uses runtime modules for solver and configurator
ok 346 - orchestrateBuild uses runtime modules for solver and configurator
  ---
  duration_ms: 250.409917
  ...
# Subtest: orchestrateBuild aligns actors to walkable layout positions
ok 347 - orchestrateBuild aligns actors to walkable layout positions
  ---
  duration_ms: 246.393833
  ...
# Subtest: orchestrateBuild places delvers at entry and wardens inside rooms
ok 348 - orchestrateBuild places delvers at entry and wardens inside rooms
  ---
  duration_ms: 252.303792
  ...
# Subtest: orchestrateBuild translates cardSet delvers/wardens and applies strategic placement
ok 349 - orchestrateBuild translates cardSet delvers/wardens and applies strategic placement
  ---
  duration_ms: 281.943
  ...
# Subtest: orchestrateBuild keeps the inferred delver on spawn
ok 350 - orchestrateBuild keeps the inferred delver on spawn
  ---
  duration_ms: 252.953625
  ...
# Subtest: orchestrateBuild maps room affinities to warden placement and tile emit traps
not ok 351 - orchestrateBuild maps room affinities to warden placement and tile emit traps
  ---
  duration_ms: 251.609375
  location: '/Users/darren/Documents/GitHub/agent-kernel/tests/runtime/build-orchestrator.test.js:527:1'
  failureType: 'testCodeFailure'
  error: |-
    ESM script failed (1): (node:32799) ExperimentalWarning: `--experimental-loader` may be removed in the future; instead use `register()`:
    --import 'data:text/javascript,import { register } from "node:module"; import { pathToFileURL } from "node:url"; register("ts-node/esm", pathToFileURL("./"));'
    (Use `node --trace-warnings ...` to show where the warning was created)
    (node:32799) [DEP0180] DeprecationWarning: fs.Stats constructor is deprecated.
    (Use `node --trace-deprecation ...` to show where the warning was created)
    node:internal/modules/run_main:122
        triggerUncaughtException(
        ^
    
    AssertionError [ERR_ASSERTION]: Expected values to be strictly equal:
    
    false !== true
    
        at file:///Users/darren/Documents/GitHub/agent-kernel/[eval1]:120:8 {
      generatedMessage: true,
      code: 'ERR_ASSERTION',
      actual: false,
      expected: true,
      operator: 'strictEqual'
    }
    
    Node.js v22.10.0
    
  code: 'ERR_TEST_FAILURE'
  stack: |-
    file:///Users/darren/Documents/GitHub/agent-kernel/[eval1]:120:8 {
    runEsm (/Users/darren/Documents/GitHub/agent-kernel/tests/helpers/esm-runner.js:29:11)
    TestContext.<anonymous> (/Users/darren/Documents/GitHub/agent-kernel/tests/runtime/build-orchestrator.test.js:528:3)
    Test.runInAsyncScope (node:async_hooks:211:14)
    Test.run (node:internal/test_runner/test:934:25)
    Test.processPendingSubtests (node:internal/test_runner/test:633:18)
    Test.postRun (node:internal/test_runner/test:1045:19)
    Test.run (node:internal/test_runner/test:973:12)
    async Test.processPendingSubtests (node:internal/test_runner/test:633:7)
  ...
# Subtest: runtime bulk layout loading matches per-cell results
ok 352 - runtime bulk layout loading matches per-cell results
  ---
  duration_ms: 209.159167
  ...
# Subtest: command kernel budget reads, writes, and logs artifacts via injected host IO
ok 353 - command kernel budget reads, writes, and logs artifacts via injected host IO
  ---
  duration_ms: 62.75125
  ...
# Subtest: command kernel inspect surfaces runtime decisions and decision-driven actions
ok 354 - command kernel inspect surfaces runtime decisions and decision-driven actions
  ---
  duration_ms: 49.251458
  ...
# Subtest: command kernel solve writes solver artifacts via injected host services
ok 355 - command kernel solve writes solver artifacts via injected host services
  ---
  duration_ms: 50.081417
  ...
# Subtest: runtime applies configurator sim config and initial state artifacts
ok 356 - runtime applies configurator sim config and initial state artifacts
  ---
  duration_ms: 222.531875
  ...
# Subtest: applySimConfigToCore arms non-blocking static traps with mana reserve
ok 357 - applySimConfigToCore arms non-blocking static traps with mana reserve
  ---
  duration_ms: 182.07325
  ...
# Subtest: buildDesignSpendLedger computes level, actor base, and actor config categories
ok 358 - buildDesignSpendLedger computes level, actor base, and actor config categories
  ---
  duration_ms: 18.339167
  ...
# Subtest: buildDesignSpendLedger flags over-budget totals
ok 359 - buildDesignSpendLedger flags over-budget totals
  ---
  duration_ms: 0.583833
  ...
# Subtest: buildDesignSpendLedger prices actor configuration from price list items
ok 360 - buildDesignSpendLedger prices actor configuration from price list items
  ---
  duration_ms: 0.663708
  ...
# Subtest: buildDesignSpendLedger treats tokenHint as per-unit and multiplies by count
ok 361 - buildDesignSpendLedger treats tokenHint as per-unit and multiplies by count
  ---
  duration_ms: 0.509333
  ...
# Subtest: buildDesignSpendLedger uses shared room-card layout budget when cardSet is provided
ok 362 - buildDesignSpendLedger uses shared room-card layout budget when cardSet is provided
  ---
  duration_ms: 3.550709
  ...
# Subtest: buildDesignSpendLedger discounts room affinity configuration to 10% of base cost
ok 363 - buildDesignSpendLedger discounts room affinity configuration to 10% of base cost
  ---
  duration_ms: 0.402417
  ...
# Subtest: affinity and expression type unions stay aligned with shared runtime constants
ok 364 - affinity and expression type unions stay aligned with shared runtime constants
  ---
  duration_ms: 6.813334
  ...
# Subtest: domain constraints expose canonical llm defaults
ok 365 - domain constraints expose canonical llm defaults
  ---
  duration_ms: 0.230208
  ...
# Subtest: e2e actor fixtures include deterministic, varied actor sets
ok 366 - e2e actor fixtures include deterministic, varied actor sets
  ---
  duration_ms: 12.783959
  ...
# Subtest: allocator receipts and ledger link to buildspec budget refs
ok 367 - allocator receipts and ledger link to buildspec budget refs
  ---
  duration_ms: 79.841417
  ...
# Subtest: annotator affinity summary artifacts are deterministic and schema-valid
ok 368 - annotator affinity summary artifacts are deterministic and schema-valid
  ---
  duration_ms: 50.932084
  ...
# Subtest: buildspec includes budget and price list refs from fixtures
ok 369 - buildspec includes budget and price list refs from fixtures
  ---
  duration_ms: 28.817042
  ...
# Subtest: orchestrated build produces deterministic bundle/manifest/telemetry outputs
ok 370 - orchestrated build produces deterministic bundle/manifest/telemetry outputs
  ---
  duration_ms: 76.998375
  ...
# Subtest: tier generators produce deterministic actors and layouts
ok 371 - tier generators produce deterministic actors and layouts
  ---
  duration_ms: 19.968
  ...
# Subtest: e2e scenario fixtures load and summary matches prompt contract
ok 372 - e2e scenario fixtures load and summary matches prompt contract
  ---
  duration_ms: 15.449125
  ...
# Subtest: summary -> pool -> budget -> buildspec chain uses fixtures deterministically
ok 373 - summary -> pool -> budget -> buildspec chain uses fixtures deterministically
  ---
  duration_ms: 31.255542
  ...
# Subtest: budget enforcement trims selections when budget is tight
ok 374 - budget enforcement trims selections when budget is tight
  ---
  duration_ms: 0.74825
  ...
# Subtest: need_external_fact effects enforce sourceRef policy
ok 375 - need_external_fact effects enforce sourceRef policy
  ---
  duration_ms: 234.7855
  ...
# Subtest: normalizeMotivations accepts allowed kinds and applies defaults
ok 376 - normalizeMotivations accepts allowed kinds and applies defaults
  ---
  duration_ms: 12.561791
  ...
# Subtest: normalizeMotivations surfaces invalid kinds/patterns and clamps intensity
ok 377 - normalizeMotivations surfaces invalid kinds/patterns and clamps intensity
  ---
  duration_ms: 0.639708
  ...
# Subtest: normalizeMotivations rejects contradictory motivations from the same exclusive group
ok 378 - normalizeMotivations rejects contradictory motivations from the same exclusive group
  ---
  duration_ms: 1.031334
  ...
# Subtest: MOTIVATION_FAMILIES defines three canonical families
ok 379 - MOTIVATION_FAMILIES defines three canonical families
  ---
  duration_ms: 0.551375
  ...
# Subtest: stealthy and friendly are valid motivation kinds
ok 380 - stealthy and friendly are valid motivation kinds
  ---
  duration_ms: 0.530083
  ...
# Subtest: exclusive groups use family names: mobility, posture, cognition
ok 381 - exclusive groups use family names: mobility, posture, cognition
  ---
  duration_ms: 0.2915
  ...
# Subtest: posture family rejects stealthy + friendly conflict
ok 382 - posture family rejects stealthy + friendly conflict
  ---
  duration_ms: 0.379041
  ...
# Subtest: posture family rejects attacking + stealthy conflict
ok 383 - posture family rejects attacking + stealthy conflict
  ---
  duration_ms: 0.464375
  ...
# Subtest: cognition family rejects reflexive + goal_oriented conflict
ok 384 - cognition family rejects reflexive + goal_oriented conflict
  ---
  duration_ms: 0.953292
  ...
# Subtest: cross-family motivations compose freely
ok 385 - cross-family motivations compose freely
  ---
  duration_ms: 1.183375
  ...
# Subtest: shorthand string inputs continue to work for new kinds
ok 386 - shorthand string inputs continue to work for new kinds
  ---
  duration_ms: 1.646042
  ...
# Subtest: MOTIVATION_GOAL_TYPES defines supported goal types per kind
ok 387 - MOTIVATION_GOAL_TYPES defines supported goal types per kind
  ---
  duration_ms: 0.669791
  ...
# Subtest: normalizeMotivation includes goal for defending with defend_point
ok 388 - normalizeMotivation includes goal for defending with defend_point
  ---
  duration_ms: 0.215041
  ...
# Subtest: normalizeMotivation includes goal for goal_oriented + reach_point
ok 389 - normalizeMotivation includes goal for goal_oriented + reach_point
  ---
  duration_ms: 0.621417
  ...
# Subtest: normalizeMotivation omits goal when not provided
ok 390 - normalizeMotivation omits goal when not provided
  ---
  duration_ms: 0.07775
  ...
# Subtest: normalizeMotivation errors on goal for unsupported kind
ok 391 - normalizeMotivation errors on goal for unsupported kind
  ---
  duration_ms: 0.078125
  ...
# Subtest: normalizeMotivation errors on unknown goal type for kind
ok 392 - normalizeMotivation errors on unknown goal type for kind
  ---
  duration_ms: 0.06975
  ...
# Subtest: normalizeMotivation errors on missing goal type
ok 393 - normalizeMotivation errors on missing goal type
  ---
  duration_ms: 0.063
  ...
# Subtest: normalizeMotivation errors on unknown goal param keys
ok 394 - normalizeMotivation errors on unknown goal param keys
  ---
  duration_ms: 0.077458
  ...
# Subtest: normalizeMotivations passes goals through for composed motivations
ok 395 - normalizeMotivations passes goals through for composed motivations
  ---
  duration_ms: 0.197125
  ...
# Subtest: string shorthand motivations do not produce goals
ok 396 - string shorthand motivations do not produce goals
  ---
  duration_ms: 0.064416
  ...
# Subtest: goal payload is serializable (frozen params)
ok 397 - goal payload is serializable (frozen params)
  ---
  duration_ms: 0.118459
  ...
# Subtest: runtime loads multi-actor initial state into core
ok 398 - runtime loads multi-actor initial state into core
  ---
  duration_ms: 240.185584
  ...
# Subtest: runtime default movement generates golden actions and frames
ok 399 - runtime default movement generates golden actions and frames
  ---
  duration_ms: 265.164333
  ...
# Subtest: enforceBudget trims to cap deterministically
ok 400 - enforceBudget trims to cap deterministically
  ---
  duration_ms: 5.651
  ...
# Subtest: enforceBudget passes through when no cap
ok 401 - enforceBudget passes through when no cap
  ---
  duration_ms: 0.524083
  ...
# Subtest: summary + catalog produces a valid BuildSpec
ok 402 - summary + catalog produces a valid BuildSpec
  ---
  duration_ms: 51.287333
  ...
# Subtest: summary without catalog still produces actor configuration via shared selection mapper
ok 403 - summary without catalog still produces actor configuration via shared selection mapper
  ---
  duration_ms: 1.034417
  ...
# Subtest: summary roomDesign drives connected-room level shape in BuildSpec
ok 404 - summary roomDesign drives connected-room level shape in BuildSpec
  ---
  duration_ms: 0.402666
  ...
# Subtest: summary roomDesign numeric hints drive level shape in BuildSpec
ok 405 - summary roomDesign numeric hints drive level shape in BuildSpec
  ---
  duration_ms: 0.245833
  ...
# Subtest: summary roomDesign rooms with counts map to level roomCount
ok 406 - summary roomDesign rooms with counts map to level roomCount
  ---
  duration_ms: 0.239542
  ...
# Subtest: summary hallway overlay hints propagate to level shape in BuildSpec
ok 407 - summary hallway overlay hints propagate to level shape in BuildSpec
  ---
  duration_ms: 0.255583
  ...
# Subtest: room bounds and total fields drive level shape without explicit layout
ok 408 - room bounds and total fields drive level shape without explicit layout
  ---
  duration_ms: 0.273125
  ...
# Subtest: normalizePoolCatalog loads and sorts entries deterministically
ok 409 - normalizePoolCatalog loads and sorts entries deterministically
  ---
  duration_ms: 29.759
  ...
# Subtest: normalizePoolCatalog rejects invalid entries
ok 410 - normalizePoolCatalog rejects invalid entries
  ---
  duration_ms: 0.359208
  ...
# Subtest: mapSummaryToPool snaps to nearest entry and generates stable IDs
ok 411 - mapSummaryToPool snaps to nearest entry and generates stable IDs
  ---
  duration_ms: 28.077709
  ...
# Subtest: mapSummaryToPool reports missing when no match and propagates catalog errors
ok 412 - mapSummaryToPool reports missing when no match and propagates catalog errors
  ---
  duration_ms: 0.36525
  ...
# Subtest: mapSummaryToPool snaps arbitrary token hints down deterministically
ok 413 - mapSummaryToPool snaps arbitrary token hints down deterministically
  ---
  duration_ms: 0.284709
  ...
# Subtest: applyBudgetCaps applies known caps
ok 414 - applyBudgetCaps applies known caps
  ---
  duration_ms: 187.391208
  ...
# Subtest: dispatchEffect handles log path
ok 415 - dispatchEffect handles log path
  ---
  duration_ms: 172.391833
  ...
# Subtest: solver port populates meta
ok 416 - solver port populates meta
  ---
  duration_ms: 162.640667
  ...
# Subtest: prompt/response fixture parses and matches summary contract
ok 417 - prompt/response fixture parses and matches summary contract
  ---
  duration_ms: 13.348917
  ...
# Subtest: buildLlmActorConfigPromptTemplate includes allowed lists and warden phase shape
ok 418 - buildLlmActorConfigPromptTemplate includes allowed lists and warden phase shape
  ---
  duration_ms: 10.185542
  ...
# Subtest: buildLlmLevelPromptTemplate injects layout phase metadata
ok 419 - buildLlmLevelPromptTemplate injects layout phase metadata
  ---
  duration_ms: 0.323917
  ...
# Subtest: buildLlmLevelPromptTemplate encodes room-first response shape
ok 420 - buildLlmLevelPromptTemplate encodes room-first response shape
  ---
  duration_ms: 0.128916
  ...
# Subtest: buildLlmPhasePromptTemplate routes to layout and warden templates
ok 421 - buildLlmPhasePromptTemplate routes to layout and warden templates
  ---
  duration_ms: 0.215625
  ...
# Subtest: buildLlmActorConfigPromptTemplate scopes warden affinities when provided
ok 422 - buildLlmActorConfigPromptTemplate scopes warden affinities when provided
  ---
  duration_ms: 0.098125
  ...
# Subtest: normalizeSummary accepts valid summary and rejects invalid fields
ok 423 - normalizeSummary accepts valid summary and rejects invalid fields
  ---
  duration_ms: 0.759875
  ...
# Subtest: normalizeSummary preserves actor vitals when provided
ok 424 - normalizeSummary preserves actor vitals when provided
  ---
  duration_ms: 0.159958
  ...
# Subtest: normalizeSummary requires stamina regen for non-stationary actors
ok 425 - normalizeSummary requires stamina regen for non-stationary actors
  ---
  duration_ms: 0.202458
  ...
# Subtest: normalizeSummary defaults delver config mode when omitted
ok 426 - normalizeSummary defaults delver config mode when omitted
  ---
  duration_ms: 0.314375
  ...
# Subtest: normalizeSummary accepts delverConfigs and derives delverCount
ok 427 - normalizeSummary accepts delverConfigs and derives delverCount
  ---
  duration_ms: 0.326958
  ...
# Subtest: normalizeSummary preserves delver affinity configuration
ok 428 - normalizeSummary preserves delver affinity configuration
  ---
  duration_ms: 0.587375
  ...
# Subtest: normalizeSummary validates delver affinity configuration
ok 429 - normalizeSummary validates delver affinity configuration
  ---
  duration_ms: 0.199416
  ...
# Subtest: normalizeSummary validates delverCount against delverConfigs length
ok 430 - normalizeSummary validates delverCount against delverConfigs length
  ---
  duration_ms: 0.093833
  ...
# Subtest: normalizeSummary preserves room design details when provided
ok 431 - normalizeSummary preserves room design details when provided
  ---
  duration_ms: 0.271333
  ...
# Subtest: capturePromptResponse parses JSON and surfaces errors
ok 432 - capturePromptResponse parses JSON and surfaces errors
  ---
  duration_ms: 0.124166
  ...
# Subtest: normalizeSummaryWithOptions accepts phase metadata and stop reasons
ok 433 - normalizeSummaryWithOptions accepts phase metadata and stop reasons
  ---
  duration_ms: 0.136625
  ...
# Subtest: deriveAllowedOptionsFromCatalog unions catalog entries
ok 434 - deriveAllowedOptionsFromCatalog unions catalog entries
  ---
  duration_ms: 0.121417
  ...
# Subtest: buildLlmRepairPromptTemplate omits allowed lists when not provided
ok 435 - buildLlmRepairPromptTemplate omits allowed lists when not provided
  ---
  duration_ms: 0.9625
  ...
# Subtest: canonical prompt template markers are centralized in domain-constants
ok 436 - canonical prompt template markers are centralized in domain-constants
  ---
  duration_ms: 28.872584
  ...
# Subtest: replay produces golden frames for MVP action log
ok 437 - replay produces golden frames for MVP action log
  ---
  duration_ms: 10.370459
  ...
# Subtest: replay mismatch is detected when actions diverge
ok 438 - replay mismatch is detected when actions diverge
  ---
  duration_ms: 4.376417
  ...
# Subtest: resource bundle default artifact validates and renders deterministically
ok 439 - resource bundle default artifact validates and renders deterministically
  ---
  duration_ms: 226.409417
  ...
# Subtest: resource bundle visual-assets mode emits v2 mappings and inline asset payloads
ok 440 - resource bundle visual-assets mode emits v2 mappings and inline asset payloads
  ---
  duration_ms: 212.394208
  ...
# Subtest: renderBoardWithResourceBundle tints floor tiles when affinities are present
ok 441 - renderBoardWithResourceBundle tints floor tiles when affinities are present
  ---
  duration_ms: 188.776333
  ...
# Subtest: renderBoardWithResourceBundle tints floor tiles for observation-style traps
ok 442 - renderBoardWithResourceBundle tints floor tiles for observation-style traps
  ---
  duration_ms: 161.724291
  ...
# Subtest: run helpers summarize and compare runtime decisions from tick frames
ok 443 - run helpers summarize and compare runtime decisions from tick frames
  ---
  duration_ms: 195.6215
  ...
# Subtest: runtime uses injected runId and clock for deterministic frames
ok 444 - runtime uses injected runId and clock for deterministic frames
  ---
  duration_ms: 208.482166
  ...
# Subtest: runtime routes rich effect records and preserves ids/requestIds from fixtures
ok 445 - runtime routes rich effect records and preserves ids/requestIds from fixtures
  ---
  duration_ms: 212.120209
  ...
# Subtest: runtime runner produces tick frames
ok 446 - runtime runner produces tick frames
  ---
  duration_ms: 208.905041
  ...
# Subtest: allocator rebalance transitions are driven by runtime signals
ok 447 - allocator rebalance transitions are driven by runtime signals
  ---
  duration_ms: 219.602667
  ...
# Subtest: buildRuntimeDecisionEnvelope normalizes actor context and candidate actions
ok 448 - buildRuntimeDecisionEnvelope normalizes actor context and candidate actions
  ---
  duration_ms: 277.445084
  ...
# Subtest: runtime decision provider policy only allows live Ollama in explicit manual mode
ok 449 - runtime decision provider policy only allows live Ollama in explicit manual mode
  ---
  duration_ms: 211.418416
  ...
# Subtest: captured LLM runtime decision resolves to an action without a live provider
ok 450 - captured LLM runtime decision resolves to an action without a live provider
  ---
  duration_ms: 169.331917
  ...
# Subtest: fsm runtime advances tick phases and applies persona actions
ok 451 - fsm runtime advances tick phases and applies persona actions
  ---
  duration_ms: 248.16225
  ...
# Subtest: runtime validates personaEvents/personaPayloads shapes
ok 452 - runtime validates personaEvents/personaPayloads shapes
  ---
  duration_ms: 224.560875
  ...
# Subtest: runtime applies moderator affinity environment actions to core
ok 453 - runtime applies moderator affinity environment actions to core
  ---
  duration_ms: 250.358291
  ...
# Subtest: runtime routes control events to moderator
ok 454 - runtime routes control events to moderator
  ---
  duration_ms: 249.872833
  ...
# Subtest: runtime drives all personas via the FSM schedule
ok 455 - runtime drives all personas via the FSM schedule
  ---
  duration_ms: 250.702625
  ...
# Subtest: runtime emits plan artifacts and orchestrator starts from director output
ok 456 - runtime emits plan artifacts and orchestrator starts from director output
  ---
  duration_ms: 217.244791
  ...
# Subtest: schema catalog includes core runtime schemas
ok 457 - schema catalog includes core runtime schemas
  ---
  duration_ms: 186.412959
  ...
# Subtest: runtime entrypoints exist
ok 458 - runtime entrypoints exist
  ---
  duration_ms: 0.480666
  ...
# Subtest: buildSelectionsFromSummary creates deterministic actor and room selections
ok 459 - buildSelectionsFromSummary creates deterministic actor and room selections
  ---
  duration_ms: 14.649833
  ...
# Subtest: normalizeSummaryPick maps actor-set role/source fields
ok 460 - normalizeSummaryPick maps actor-set role/source fields
  ---
  duration_ms: 0.277
  ...
# Subtest: normalizeCardEntry removes contradictory motivations from shared exclusive groups
ok 461 - normalizeCardEntry removes contradictory motivations from shared exclusive groups
  ---
  duration_ms: 0.269417
  ...
# Subtest: buildSelectionsFromSummary supports delverConfigs array
ok 462 - buildSelectionsFromSummary supports delverConfigs array
  ---
  duration_ms: 0.25525
  ...
# Subtest: extractSummaryFromCardSet keeps delver and warden cards as distinct actor picks
ok 463 - extractSummaryFromCardSet keeps delver and warden cards as distinct actor picks
  ---
  duration_ms: 0.4395
  ...
# Subtest: buildCardSetFromSummary maps attacking actors to delver cards
ok 464 - buildCardSetFromSummary maps attacking actors to delver cards
  ---
  duration_ms: 3.413917
  ...
# Subtest: buildSelectionsFromSummary derives instance ids from card template ids
ok 465 - buildSelectionsFromSummary derives instance ids from card template ids
  ---
  duration_ms: 0.428333
  ...
# Subtest: runtime records tick frames and fulfillment
ok 466 - runtime records tick frames and fulfillment
  ---
  duration_ms: 168.979083
  ...
# Subtest: level generation benchmark script reports walkability budgets
ok 467 - level generation benchmark script reports walkability budgets
  ---
  duration_ms: 110.007167
  ...
# Subtest: llm prompt benchmark script ranks cleaner runs above repaired runs
ok 468 - llm prompt benchmark script ranks cleaner runs above repaired runs
  ---
  duration_ms: 55.634042
  ...
# Subtest: index.html includes server readiness check before loading main.js
ok 469 - index.html includes server readiness check before loading main.js
  ---
  duration_ms: 0.829875
  ...
# Subtest: core-as.wasm exists for CLI and UI surfaces
ok 470 - core-as.wasm exists for CLI and UI surfaces
  ---
  duration_ms: 0.402125
  ...
1..470
# tests 490
# suites 8
# pass 483
# fail 5
# cancelled 0
# skipped 2
# todo 0
# duration_ms 9289.365917
 ELIFECYCLE  Test failed. See above for more details.
